2025-08-22 22:32:15,493 - server.db.DBManager - INFO - Database file set to: /tmp/tmpp1xvz58k.db
2025-08-22 22:32:15,493 - server.db.DBManager - INFO - Connecting to database: /tmp/tmpp1xvz58k.db
2025-08-22 22:32:15,500 - server.db.DBManager - INFO - Database file set to: /tmp/tmpzhik47ie.db
2025-08-22 22:32:15,500 - server.db.DBManager - INFO - Connecting to database: /tmp/tmpzhik47ie.db
2025-08-22 22:32:15,510 - server.db.DBManager - INFO - Database file set to: /tmp/tmpjtmzt90p.db
2025-08-22 22:32:15,510 - server.db.DBManager - INFO - Connecting to database: /tmp/tmpjtmzt90p.db
2025-08-22 22:32:15,517 - server.db.DBManager - INFO - Database file set to: /tmp/tmpztv1z5vj.db
2025-08-22 22:32:15,517 - server.db.DBManager - INFO - Connecting to database: /tmp/tmpztv1z5vj.db
2025-08-22 22:32:15,527 - server.db.DBManager - INFO - Database file set to: /tmp/tmpcszid__r.db
2025-08-22 22:32:15,527 - server.db.DBManager - INFO - Connecting to database: /tmp/tmpcszid__r.db
2025-08-22 22:32:15,536 - server.db.DBManager - INFO - Database file set to: /tmp/tmp6iq8n69k.db
2025-08-22 22:32:15,536 - server.db.DBManager - INFO - Connecting to database: /tmp/tmp6iq8n69k.db
2025-08-22 22:32:15,551 - server.db.DBManager - INFO - Database file set to: /tmp/tmpsf__7az1.db
2025-08-22 22:32:15,551 - server.db.DBManager - INFO - Connecting to database: /tmp/tmpsf__7az1.db
2025-08-22 22:32:15,562 - server.db.DBManager - INFO - Database file set to: /tmp/tmpm14f4goa.db
2025-08-22 22:32:15,562 - server.db.DBManager - INFO - Connecting to database: /tmp/tmpm14f4goa.db
2025-08-22 22:32:15,564 - server.db.DBManager - ERROR - No station found to update.
2025-08-22 22:32:15,569 - server.db.DBManager - INFO - Database file set to: /tmp/tmpso2es9yx.db
2025-08-22 22:32:15,569 - server.db.DBManager - INFO - Connecting to database: /tmp/tmpso2es9yx.db
2025-08-22 22:32:15,580 - server.db.DBManager - INFO - Database file set to: /tmp/tmpb00bixl4.db
2025-08-22 22:32:15,581 - server.db.DBManager - INFO - Connecting to database: /tmp/tmpb00bixl4.db
2025-08-22 22:32:15,583 - server.db.DBManager - ERROR - No station status found to delete.
2025-08-22 22:32:15,583 - server.db.DBManager - ERROR - No station status found to delete.
2025-08-22 22:32:15,588 - server.db.DBManager - INFO - Database file set to: /tmp/tmp3ormeqbf.db
2025-08-22 22:32:15,588 - server.db.DBManager - INFO - Connecting to database: /tmp/tmp3ormeqbf.db
2025-08-22 22:32:15,600 - server.db.DBManager - INFO - Database file set to: /tmp/tmp7kqttnj0.db
2025-08-22 22:32:15,600 - server.db.DBManager - INFO - Connecting to database: /tmp/tmp7kqttnj0.db
2025-08-22 22:32:15,612 - server.db.DBManager - INFO - Database file set to: /tmp/tmpcl6eo1u1.db
2025-08-22 22:32:15,612 - server.db.DBManager - INFO - Connecting to database: /tmp/tmpcl6eo1u1.db
2025-08-22 22:32:15,620 - server.db.DBManager - INFO - Database file set to: /tmp/tmpt4qhhp0n.db
2025-08-22 22:32:15,620 - server.db.DBManager - INFO - Connecting to database: /tmp/tmpt4qhhp0n.db
2025-08-22 22:32:15,631 - server.db.DBManager - INFO - Database file set to: /tmp/tmplsyrb7uf.db
2025-08-22 22:32:15,631 - server.db.DBManager - INFO - Connecting to database: /tmp/tmplsyrb7uf.db
2025-08-22 22:32:15,638 - server.db.DBManager - INFO - Database file set to: /tmp/tmpvhwdu8uv.db
2025-08-22 22:32:15,639 - server.db.DBManager - INFO - Connecting to database: /tmp/tmpvhwdu8uv.db
2025-08-22 22:32:15,652 - server.db.DBManager - INFO - Database file set to: /tmp/tmpko59js8k.db
2025-08-22 22:32:15,653 - server.db.DBManager - INFO - Connecting to database: /tmp/tmpko59js8k.db
2025-08-22 22:32:15,669 - server.db.DBManager - INFO - Database file set to: /tmp/tmp9ppvz1wv.db
2025-08-22 22:32:15,669 - server.db.DBManager - INFO - Connecting to database: /tmp/tmp9ppvz1wv.db
2025-08-22 22:32:15,684 - server.db.DBManager - INFO - Database file set to: /tmp/tmp8v6j0sbb.db
2025-08-22 22:32:15,684 - server.db.DBManager - INFO - Connecting to database: /tmp/tmp8v6j0sbb.db
2025-08-22 22:32:15,695 - server.db.DBManager - INFO - Database file set to: /tmp/tmpzityy5yt.db
2025-08-22 22:32:15,695 - server.db.DBManager - INFO - Connecting to database: /tmp/tmpzityy5yt.db
2025-08-22 22:32:15,703 - server.db.DBManager - INFO - Database file set to: /tmp/tmpchipgxzn.db
2025-08-22 22:32:15,703 - server.db.DBManager - INFO - Connecting to database: /tmp/tmpchipgxzn.db
